05-10 17:18:18.040  1542  1542 I Layer   : id=34156 Destroyed Toast$_2750#34156
05-10 17:18:18.102  1643  1669 E thermal_core: find_tz_idx_by_name:"Failed to find thermal zone index of ap_ntc\n"
05-10 17:18:18.102  1643  1669 E thermal_core: find_tz_idx_by_name:"Failed to find thermal zone index of mtk-master-charger\n"
05-10 17:18:18.579  2069  2613 D WifiConnectivityMonitor.NetworkStatsAnalyzer: Backhaul result - RSSI:-60, CE:10, PE:10, TI:12, PTI:12, TW:0, PTW:0, Tx:0, Rx:55, TxS:0, RxS:0, RESULT:true, IC:0, ICT:5, WC:0, WCT:5, R:0, RC:0, IE:0, EC:0
05-10 17:18:18.625  2729  3222 D SatelliteController: isInCarrierRoamingNbIotNtn: satellite is disabled
05-10 17:18:18.709  5049  5049 I SDHMS:LOAD: type: LoadsFreqs, value: 0:0:0:828999:2200000:725000:619999:2000000:500000:0:0:0
05-10 17:18:18.890  1590  1590 I FPSGO   : FPSGO_SET_UNKNOWN cmd:-1
05-10 17:18:18.992  2069  2154 D PowerManagerService: UserActivityState : 1 -> 2 groupId=0
05-10 17:18:18.997  2069  2069 I MdnieScenarioControlService: action  :  com.samsung.server.PowerManagerService.action.USER_ACTIVITY
05-10 17:18:19.322  3063  3550 I ScanController: onScanResult to scannerId: 2- eventType=0x1b, addressType=0, address=XX:XX:XX:XX:E2:7B, primaryPhy=1, secondaryPhy=0, advertisingSid=0xff, txPower=127, rssi=-73, periodicAdvInt=0x0
05-10 17:18:19.562  1501  1543 I libPerfCtl: xgfGetFPS pid:-1 fps:0
05-10 17:18:19.563  1501  1543 I libPerfCtl: xgfGetFPS ioctl_valid:-2
05-10 17:18:19.784  2069  4155 D SemWifiUsabilityStatsMonitor: onWifiUsabilityStats - seqNum 30502, isSameBssidAndFreq true
05-10 17:18:21.088  3063  3550 I ScanController: onScanResult to scannerId: 2- eventType=0x1b, addressType=0, address=XX:XX:XX:XX:E2:7B, primaryPhy=1, secondaryPhy=0, advertisingSid=0xff, txPower=127, rssi=-82, periodicAdvInt=0x0
05-10 17:18:21.105  1643  1669 E thermal_core: find_tz_idx_by_name:"Failed to find thermal zone index of ap_ntc\n"
05-10 17:18:21.106  1643  1669 E thermal_core: find_tz_idx_by_name:"Failed to find thermal zone index of mtk-master-charger\n"
05-10 17:18:21.185  2729  3222 D SatelliteController: isInCarrierRoamingNbIotNtn: satellite is disabled
05-10 17:18:21.192  3063  3550 I ScanController: onScanResult to scannerId: 2- eventType=0x1b, addressType=0, address=XX:XX:XX:XX:B8:F7, primaryPhy=1, secondaryPhy=0, advertisingSid=0xff, txPower=127, rssi=-90, periodicAdvInt=0x0
05-10 17:18:21.194  3063  3550 I ScanController: onScanResult to scannerId: 2- eventType=0x1b, addressType=0, address=XX:XX:XX:XX:CD:35, primaryPhy=1, secondaryPhy=0, advertisingSid=0xff, txPower=127, rssi=-97, periodicAdvInt=0x0
05-10 17:18:21.266  1542  2405 I VSyncReactor: Current= 90, Period= 90, hwcPeriod= 90
05-10 17:18:21.904   573   573 D io_stats: !@   8,32 r 59498464 1466790780 w 15317736 188410880 d 1920522 250310656 f 1837989 4096604 iot 15018296 0 th 0 0 0 pt 0 inp 0 0 435370.354
05-10 17:18:21.905   573   573 D io_stats: !@ Read_top(KB): ocessService0:0:top(21296) 12 system_server:high(2069) 4 kworker/2:3H:/(32510) 4
05-10 17:18:21.905   573   573 D io_stats: !@ Write_top(KB): kworker/u32:3:/(17901) 16
05-10 17:18:22.650 28851 28851 I wpa_supplicant: Heartbeat 227
05-10 17:18:22.799  2069  4155 D SemWifiUsabilityStatsMonitor: onWifiUsabilityStats - seqNum 30503, isSameBssidAndFreq true
05-10 17:18:22.922  3063  3550 I ScanController: onScanResult to scannerId: 2- eventType=0x1b, addressType=0, address=XX:XX:XX:XX:5A:EF, primaryPhy=1, secondaryPhy=0, advertisingSid=0xff, txPower=127, rssi=-92, periodicAdvInt=0x0
05-10 17:18:23.023  3063  3550 I ScanController: onScanResult to scannerId: 2- eventType=0x1b, addressType=0, address=XX:XX:XX:XX:5A:EF, primaryPhy=1, secondaryPhy=0, advertisingSid=0xff, txPower=127, rssi=-91, periodicAdvInt=0x0
05-10 17:18:23.745  2729  3222 D SatelliteController: isInCarrierRoamingNbIotNtn: satellite is disabled
05-10 17:18:23.869 19766 19766 I ContactsProvider: [P] onTrimMemory-success
05-10 17:18:24.108  1643  1669 E thermal_core: find_tz_idx_by_name:"Failed to find thermal zone index of ap_ntc\n"
05-10 17:18:24.108  1643  1669 E thermal_core: find_tz_idx_by_name:"Failed to find thermal zone index of mtk-master-charger\n"
05-10 17:18:24.108  1643  1669 E thermal_core: find_tz_idx_by_name:"Failed to find thermal zone index of camera0\n"
05-10 17:18:24.108  1643  1669 E thermal_core: find_tz_idx_by_name:"Failed to find thermal zone index of mtk-master-charger\n"
05-10 17:18:24.108  1643  1669 E thermal_core: find_tz_idx_by_name:"Failed to find thermal zone index of nrpa_ntc\n"
05-10 17:18:24.109  1643  1669 E thermal_core: dump_thermal_log:"Error: sccanf error, ret=9\n"
05-10 17:18:24.110  1643  1669 E thermal_core: node_read:"Failed to read /sys/class/thermal/thermal_zone2/temp: No data available\n"
05-10 17:18:24.111  1643  1669 I thermal_core: "soc/nr/lte/ap_ntc/tpcb/conn/chg/cam/c_ttj/g_ttj/a_ttj=0/-274000/28857/-274000/46000/27000/-274000/-274000/85000/85000/85000\n"
05-10 17:18:24.111  1643  1669 I thermal_core: "[C(l)(c)(i)][G(l)(c)][A(l)(c)][TH][D]=[(666666/666666/666666)(500/725/0)(0x0)][(666666)(666666)][(666666666)(666666666)][0][1200]\n"
05-10 17:18:24.111  1643  1669 E thermal_core: node_read:"Failed to open /sys/kernel/helio-dvfsrc/dvfsrc_therm_info: No such file or directory\n"
05-10 17:18:24.111  1643  1669 I thermal_core: "1200"
05-10 17:18:24.200  2069  2217 I ActivityManager: Changes in 10238 19 to 19, 128 to 0
05-10 17:18:24.201 20665 20665 I Finsky:background: [2] Memory trim requested to level 40
05-10 17:18:24.201 20277 20277 I Finsky  : [2] Memory trim requested to level 40
05-10 17:18:24.201 20277 20277 I Finsky  : [2] Flushing in-memory image cache
05-10 17:18:24.209  2069  2217 I ActivityManager: Changes in 10204 19 to 19, 128 to 0
05-10 17:18:24.218  1542  2405 I VSyncReactor: Current= 90, Period= 90, hwcPeriod= 90
05-10 17:18:24.962 21363 21368 W droid.rubin.app: userfaultfd: MOVE ioctl seems unsupported: Connection timed out
05-10 17:18:24.978  2069 21464 D WifiConnectivityMonitor.DnsThread:  [|207]
05-10 17:18:24.982  2069  2613 D WifiConnectivityMonitor.NetworkStatsAnalyzer: DNS resultType : 0, responseTime : 207
05-10 17:18:24.983  2069  2607 D OpenNetworkQos[4.00]: updateBssidLatestDnsResultType - result: 0
05-10 17:18:24.983  2069  2607 D OpenNetworkQos[4.00]: updateBssidNoInternet: mBssidNoInternet = false
05-10 17:18:24.983  2069  2607 D OpenNetworkQos[4.00]: getOpenNetworkQosNoInternetStatus: false
05-10 17:18:24.983  2069  2607 D OpenNetworkQos[4.00]: getOpenNetworkQosScores: 26 30 30 
05-10 17:18:24.983  2069  2607 D KNOX_MDM_SettingsProvider: isChangeAllowed() : name = wifi_wcm_qos_sharing_score_summary
05-10 17:18:24.983  2069  2607 I WifiProfileShare: network QoS data was changed (internet), updateQoSData networkType: true, qosData: false
05-10 17:18:24.984  2069  3620 V WifiProfileShare.Caster: checkAndGetShareData - device locked
05-10 17:18:24.988 21363 21368 I droid.rubin.app: Background concurrent mark compact GC freed 10MB AllocSpace bytes, 51(1724KB) LOS objects, 59% free, 4184KB/10MB, paused 651us,6.243ms total 142.836ms
05-10 17:18:25.027  2729  3222 D SatelliteController: isInCarrierRoamingNbIotNtn: satellite is disabled
05-10 17:18:25.273  1542  2405 I VSyncReactor: Current= 90, Period= 90, hwcPeriod= 90
05-10 17:18:25.815  2069  4155 D SemWifiUsabilityStatsMonitor: onWifiUsabilityStats - seqNum 30504, isSameBssidAndFreq true
05-10 17:18:25.820  2750  2859 D Tile.WifiTile: handleUpdateState isTransient=false transientEnabling =false cb.isTransient=false state.state = 2 mStateBeforeClick.value =false enabled =true
05-10 17:18:25.909   573   573 D io_stats: !@   8,32 r 59498467 1466790852 w 15317738 188410888 d 1920522 250310656 f 1837989 4096604 iot 15018300 0 th 0 0 0 pt 0 inp 0 0 435374.359
05-10 17:18:25.910   573   573 D io_stats: !@ Read_top(KB): d.process.acore:low(19766) 72
05-10 17:18:25.910   573   573 D io_stats: !@ Write_top(KB): kworker/u32:1:/(27503) 8
05-10 17:18:25.949  5049  6041 I SDHMS:x : SIOP:: AP:291 BAT:281 USB:279 CHG:295 PA:292 WIFI:290 BLK:0 SUBBAT:0 SKIN:286 SKINF:279 SKINB:286 LRP2:286 LRF2:279 LRB2:286 AP2:286 CHG2:280 MEM2:286 WIFI2:286 SPK2:291 VAP05:295 AVGCUR:-5 AVGSYS:0 POWER:-21
05-10 17:18:26.306  2729  3222 D SatelliteController: isInCarrierRoamingNbIotNtn: satellite is disabled
05-10 17:18:26.692  3063  3550 I ScanController: onScanResult to scannerId: 2- eventType=0x1b, addressType=0, address=XX:XX:XX:XX:85:A3, primaryPhy=1, secondaryPhy=0, advertisingSid=0xff, txPower=127, rssi=-79, periodicAdvInt=0x0
05-10 17:18:26.777  3063  3550 I ScanController: onScanResult to scannerId: 2- eventType=0x1b, addressType=0, address=XX:XX:XX:XX:98:03, primaryPhy=1, secondaryPhy=0, advertisingSid=0xff, txPower=127, rssi=-91, periodicAdvInt=0x0
05-10 17:18:26.778  3063  3550 E BluetoothRemoteDevices: Remote class is UNCATEGORIZED
05-10 17:18:26.983 20358 20358 W SmApplication: onTrimMemory : 40
05-10 17:18:26.987 20358 20358 I DC.AppIconCache: clear icon cache
05-10 17:18:27.114  1643  1669 E thermal_core: find_tz_idx_by_name:"Failed to find thermal zone index of ap_ntc\n"
05-10 17:18:27.114  1643  1669 E thermal_core: find_tz_idx_by_name:"Failed to find thermal zone index of mtk-master-charger\n"
05-10 17:18:27.245 18459 20767 I id.app.launcher: Explicit concurrent mark compact GC freed 1188KB AllocSpace bytes, 0(0B) LOS objects, 49% free, 13MB/26MB, paused 765us,1.499ms total 65.692ms
05-10 17:18:27.248 18459 20505 I HoneySpace.Memory-Monitor: trimMemory 20
05-10 17:18:27.584  2729  3222 D SatelliteController: isInCarrierRoamingNbIotNtn: satellite is disabled
05-10 17:18:27.753  1737  1810 D AALLightSensor: oldLux=80 [SA:-1 LA:-1] newLux=80 (oriLux: 80)
05-10 17:18:27.913   573   573 D io_stats: !@   8,32 r 59498476 1466791400 w 15317738 188410888 d 1920522 250310656 f 1837989 4096604 iot 15018304 0 th 0 0 0 pt 0 inp 0 0 435376.362
05-10 17:18:28.339  1512  1556 E BatteryDump: !@new_battery_dump : 4315,-5,3000,3150,100,281,279,294,0,0,285,294,0,Full,NO_CHARGING,None,Good,PDIC,0,Normal,0,0,9600,0x0,0x10000,0x0,0,0,0000,0000,00000000,0,0,0,0,218,4305,10000,980,0,
05-10 17:18:28.348  1515  1515 I seh_thermal_service: getTemperaturesWithType SehTemperatureType: 3
05-10 17:18:28.349  1512  1512 I sehhealth-service: updateLrpSysfs: write: 286
05-10 17:18:28.491  1542  2405 I VSyncReactor: Current= 90, Period= 90, hwcPeriod= 90
05-10 17:18:28.503  1542  1542 I SurfaceFlinger: [LayerHierarchy{RequestedLayerState{WindowToken{f118b52 type=2005 android.os.Binder@389e3dd}#34154} no children}] reparent to OffscreenRoot
05-10 17:18:28.503  1542  1542 I SurfaceFlinger: [LayerHierarchy{RequestedLayerState{WindowToken{f118b52 type=2005 android.os.Binder@389e3dd}#34154} no children}] RelativeParent to null
05-10 17:18:28.505  1542  1542 I SurfaceFlinger: onHandleDestroyed: layerId=34154, name=WindowToken{f118b52 type=2005 android.os.Binder@389e3dd}#34154
05-10 17:18:28.506  1542  1542 I SurfaceFlinger: id=34154 Removed WindowToken{f118b52 type=2005 android.os.Binder@389e3dd}#34154 (150)
05-10 17:18:28.508  1481  1503 I hwcomposer: [HWCDisplay] (0 updateFps():4131), (type:1, mode:2) fps:4.454640,dur:10999.77,max:10466.49,min:10.02  
05-10 17:18:28.513  1542  1542 I SurfaceFlinger: destroyed WindowToken{f118b52 type=2005 android.os.Binder@389e3dd}#34154
05-10 17:18:28.516  1542  1542 I Layer   : id=34154 Destroyed WindowToken{f118b52 type=2005 android.os.Binder@389e3dd}#34154
05-10 17:18:28.585  2069  2613 D WifiConnectivityMonitor.NetworkStatsAnalyzer: Backhaul result - RSSI:-60, CE:10, PE:10, TI:12, PTI:12, TW:0, PTW:0, Tx:1, Rx:30, TxS:0, RxS:0, RESULT:true, IC:0, ICT:5, WC:0, WCT:5, R:0, RC:0, IE:0, EC:0
05-10 17:18:28.835  2069  4155 D SemWifiUsabilityStatsMonitor: onWifiUsabilityStats - seqNum 30505, isSameBssidAndFreq true
05-10 17:18:28.841  2750  2859 D Tile.WifiTile: handleUpdateState isTransient=false transientEnabling =false cb.isTransient=false state.state = 2 mStateBeforeClick.value =false enabled =true
05-10 17:18:28.915  5049  5049 I SDHMS:LOAD: type: LoadsFreqs, value: 0:0:0:734499:1200000:725000:506999:850000:500000:0:0:0
05-10 17:18:28.983  2069  2154 D PowerManagerService: UserActivityState : 2 -> 4 groupId=0
05-10 17:18:28.983  2069  2154 I PowerManagerService: [PWL] On : 435316569 (60864 ms ago)
05-10 17:18:28.984  2069  2154 I PowerManagerService: [PWL]  mStayOn: true  mWakeLockSummary & WAKE_LOCK_STAY_AWAKE: 20  mUserActivitySummary: 0x4
05-10 17:18:28.984  2069  2154 I PowerManagerService: [PWL]  SCREEN_BRIGHT_WAKE_LOCK           'WindowManager/displayId:0' ON_AFTER_RELEASE ACQ=-29s998ms (uid=1000 pid=2069 ws=WorkSource{10337 app.chiho.nexari} displayId=0 lock=d1ec616)
05-10 17:18:28.987  2069  2069 I MdnieScenarioControlService: action  :  com.samsung.server.PowerManagerService.action.USER_ACTIVITY
