
> @signage/shared@0.1.0 build C:\Users\chiho\Projects\Platform\packages\shared
> tsc

